{"error":"Missing credentials for \"PLAIN\"","level":"error","message":"User creation failed","timestamp":"2025-06-22T17:43:02.995Z"}
{"error":"User already exists","level":"error","message":"User creation failed","timestamp":"2025-06-22T17:46:59.078Z"}
{"error":"Missing credentials for \"PLAIN\"","level":"error","message":"User creation failed","timestamp":"2025-06-22T17:47:47.357Z"}
{"error":"User already exists","level":"error","message":"User creation failed","timestamp":"2025-06-22T17:48:03.369Z"}
{"error":"Missing credentials for \"PLAIN\"","level":"error","message":"User creation failed","timestamp":"2025-06-22T17:53:16.878Z"}
{"error":"Missing credentials for \"PLAIN\"","level":"error","message":"User creation failed","timestamp":"2025-06-22T17:56:46.364Z"}
{"error":"Missing credentials for \"PLAIN\"","level":"error","message":"User creation failed","timestamp":"2025-06-22T18:03:25.352Z"}
{"error":"Missing credentials for \"PLAIN\"","level":"error","message":"User creation failed","timestamp":"2025-06-22T18:08:51.366Z"}
{"level":"info","message":"User created successfully","timestamp":"2025-06-22T18:10:07.604Z","userId":"685846ff92f3ee864e7ea02e"}
{"email":"revaa@yopmail.com","level":"info","message":"User created successfully","timestamp":"2025-06-22T18:10:07.606Z"}
{"error":"User already exists","level":"error","message":"User creation failed","timestamp":"2025-06-22T18:57:02.409Z"}
{"level":"info","message":"User created successfully","timestamp":"2025-06-22T18:57:17.837Z","userId":"68585204e55c7d9ba3d7c7c1"}
{"email":"jon.doe@example.com","level":"info","message":"User created successfully","timestamp":"2025-06-22T18:57:17.838Z"}
{"level":"info","message":"User created successfully","timestamp":"2025-06-22T18:58:55.165Z","userId":"68585263e55c7d9ba3d7c7c4"}
{"email":"revctfcf@yopmail.com","level":"info","message":"User created successfully","timestamp":"2025-06-22T18:58:55.166Z"}
{"adminId":"68585431868d34a39efe52f1","level":"info","message":"Admin account created","timestamp":"2025-06-22T19:06:25.088Z"}
{"error":"Admin already exists","level":"error","message":"Admin signup failed","timestamp":"2025-06-22T19:06:54.072Z"}
{"adminId":"68585431868d34a39efe52f1","level":"info","message":"Admin logged in","timestamp":"2025-06-22T19:07:26.737Z"}
{"adminId":"68585431868d34a39efe52f1","level":"info","message":"Admin logged in","timestamp":"2025-06-22T19:12:39.396Z"}
{"adminId":"68585431868d34a39efe52f1","level":"info","message":"Admin logged in","timestamp":"2025-06-22T19:14:07.501Z"}
{"adminId":"68585431868d34a39efe52f1","level":"info","message":"Admin logged in","timestamp":"2025-06-22T19:15:13.791Z"}
{"level":"warn","message":"Blocked a user","timestamp":"2025-06-22T19:16:49.562Z","userId":"68585204e55c7d9ba3d7c7c1"}
{"level":"info","message":"Unblocked a user","timestamp":"2025-06-22T19:17:03.498Z","userId":"68585204e55c7d9ba3d7c7c1"}
{"adminId":"68585431868d34a39efe52f1","level":"info","message":"Admin logged in","timestamp":"2025-06-22T19:18:25.062Z"}
{"adminId":"68585431868d34a39efe52f1","level":"info","message":"Admin logged in","timestamp":"2025-06-22T19:19:46.717Z"}
{"adminId":"68585431868d34a39efe52f1","level":"info","message":"Admin logged in","timestamp":"2025-06-22T19:31:45.434Z"}
{"adminId":"68585431868d34a39efe52f1","level":"info","message":"Admin logged in","timestamp":"2025-06-22T19:37:20.963Z"}
{"adminId":"68585431868d34a39efe52f1","level":"info","message":"Admin logged in","timestamp":"2025-06-22T19:41:34.719Z"}
{"error":"Failed to create task","level":"error","message":"Task created","timestamp":"2025-06-22T19:42:08.463Z"}
{"adminId":"68585431868d34a39efe52f1","level":"info","message":"Admin logged in","timestamp":"2025-06-23T05:22:24.698Z"}
{"adminId":"68585431868d34a39efe52f1","level":"info","message":"Admin logged in","timestamp":"2025-06-23T05:32:14.843Z"}
{"adminId":"68585431868d34a39efe52f1","level":"info","message":"Admin logged in","timestamp":"2025-06-23T06:04:41.844Z"}
{"adminId":"68585431868d34a39efe52f1","level":"info","message":"Admin logged in","timestamp":"2025-06-23T06:06:27.788Z"}
{"error":"only admin can assign","level":"error","message":"Task created","timestamp":"2025-06-23T06:09:17.672Z"}
{"adminId":"68585431868d34a39efe52f1","level":"info","message":"Admin logged in","timestamp":"2025-06-23T06:11:41.202Z"}
{"error":"only admin can assign","level":"error","message":"Task created","timestamp":"2025-06-23T06:12:10.753Z"}
{"error":"only admin can assign","level":"error","message":"Task created","timestamp":"2025-06-23T06:13:49.750Z"}
{"error":"invalid blocked id","level":"error","message":"Task created","timestamp":"2025-06-23T06:15:42.292Z"}
{"error":"invalid blocked id","level":"error","message":"Task created","timestamp":"2025-06-23T06:16:30.957Z"}
{"action":"CREATE_TASK","level":"info","message":"Audit log created","targetId":"6858f1a7f8a7afdb384e5263","timestamp":"2025-06-23T06:18:15.260Z","userId":"68585431868d34a39efe52f1"}
{"level":"info","message":"Task created","taskId":"6858f1a7f8a7afdb384e5263","timestamp":"2025-06-23T06:18:15.295Z"}
{"level":"info","message":"User created successfully","timestamp":"2025-06-23T06:23:16.043Z","userId":"6858f2d16d5b853c88a19222"}
{"email":"user123@yopmail.com","level":"info","message":"User created successfully","timestamp":"2025-06-23T06:23:16.047Z"}
{"adminId":"68585431868d34a39efe52f1","level":"info","message":"Admin logged in","timestamp":"2025-06-23T06:25:50.719Z"}
{"action":"CREATE_TASK","level":"info","message":"Audit log created","targetId":"6858f3a84933e6f7153cc1f6","timestamp":"2025-06-23T06:26:48.824Z","userId":"68585431868d34a39efe52f1"}
{"level":"info","message":"Task created","taskId":"6858f3a84933e6f7153cc1f6","timestamp":"2025-06-23T06:26:48.855Z"}
{"error":"Invalid task ID","level":"error","message":"Task updated","timestamp":"2025-06-23T07:00:22.154Z"}
{"error":"Access denied","level":"error","message":"Task updated","timestamp":"2025-06-23T07:01:46.487Z"}
{"error":"Access denied","level":"error","message":"Task updated","timestamp":"2025-06-23T07:02:29.876Z"}
{"error":"Access denied","level":"error","message":"Task updated","timestamp":"2025-06-23T07:02:34.794Z"}
{"action":"UPDATE_TASK_STATUS","level":"info","message":"Audit log created","targetId":"6858f3a84933e6f7153cc1f6","timestamp":"2025-06-23T07:05:43.253Z","userId":"6858f2d16d5b853c88a19222"}
{"level":"info","message":"Task updated","taskId":"6858f3a84933e6f7153cc1f6","timestamp":"2025-06-23T07:05:43.257Z"}
{"error":"Invalid task ID","level":"error","message":"upload attachment","timestamp":"2025-06-23T07:06:06.398Z"}
{"error":"Invalid task ID","level":"error","message":"upload attachment","timestamp":"2025-06-23T07:06:48.783Z"}
{"action":"UPLOAD_ATTACHMENT","level":"info","message":"Audit log created","targetId":"6858f3a84933e6f7153cc1f6","timestamp":"2025-06-23T07:09:11.774Z","userId":"6858f2d16d5b853c88a19222"}
{"level":"info","message":"upload attachment","taskId":"6858f3a84933e6f7153cc1f6","timestamp":"2025-06-23T07:09:11.776Z"}
{"adminId":"68585431868d34a39efe52f1","level":"info","message":"Admin logged in","timestamp":"2025-06-23T07:14:34.554Z"}
{"adminId":"68585431868d34a39efe52f1","level":"info","message":"Admin logged in","timestamp":"2025-06-23T07:15:11.433Z"}
{"createdBy":"68585431868d34a39efe52f1","level":"info","message":"Project created","projectId":"6858ff116ba915a00d3401ae","timestamp":"2025-06-23T07:15:29.194Z"}
{"createdBy":"68585431868d34a39efe52f1","level":"info","message":"Project created","projectId":"6858ff4c6ba915a00d3401b2","timestamp":"2025-06-23T07:16:28.506Z"}
{"level":"info","message":"Members assigned to project","projectId":"6858ff4c6ba915a00d3401b2","timestamp":"2025-06-23T07:17:11.516Z"}
{"level":"info","message":"Tasks assigned to project","projectId":"6858ff4c6ba915a00d3401b2","timestamp":"2025-06-23T07:19:36.224Z"}
{"action":"ADD_COMMENT","level":"info","message":"Audit log created","targetId":"685901c61c6e4520c0724bae","timestamp":"2025-06-23T07:27:02.745Z","userId":"6858f2d16d5b853c88a19222"}
{"commentId":"685901c61c6e4520c0724bae","level":"info","message":"Comment created","timestamp":"2025-06-23T07:27:02.747Z","userId":"6858f2d16d5b853c88a19222"}
{"error":"Task not found","level":"error","message":"Failed to update comment","timestamp":"2025-06-23T07:28:44.442Z"}
{"error":"Unauthorized access","level":"error","message":"Failed to update comment","timestamp":"2025-06-23T07:30:05.037Z"}
{"error":"Unauthorized access","level":"error","message":"Failed to update comment","timestamp":"2025-06-23T07:36:58.582Z"}
{"error":"Unauthorized access","level":"error","message":"Failed to update comment","timestamp":"2025-06-23T07:38:01.371Z"}
{"error":"Unauthorized access","level":"error","message":"Failed to delete comment","timestamp":"2025-06-23T07:41:35.926Z"}
{"action":"ADD_COMMENT","level":"info","message":"Audit log created","targetId":"6859055ad4daf944c602694d","timestamp":"2025-06-23T07:42:18.319Z","userId":"6858f2d16d5b853c88a19222"}
{"commentId":"6859055ad4daf944c602694d","level":"info","message":"Comment created","timestamp":"2025-06-23T07:42:18.322Z","userId":"6858f2d16d5b853c88a19222"}
{"error":"User already exists","level":"error","message":"User creation failed","timestamp":"2025-06-23T13:40:07.176Z"}
{"level":"info","message":"User created successfully","timestamp":"2025-06-23T13:40:20.032Z","userId":"68595940c47a9b205c8892f1"}
{"email":"john.e@example.com","level":"info","message":"User created successfully","timestamp":"2025-06-23T13:40:20.033Z"}
